exports[`Slide should mount successfully 1`] = `
".carousel-wrapper
  .carousel-inner(style=\'width: 0px;\')
    .slide(style=\'visibility: hidden;\')
// 
// 
"
`;
